2024-07-21 16:16:55,371 - WARNING - Not Found: /favicon.ico
2024-07-21 16:17:48,565 - WARNING - Not Found: /favicon.ico
2024-07-21 16:18:02,822 - WARNING - Not Found: /favicon.ico
2024-07-21 16:39:26,032 - INFO - Watching for file changes with StatReloader
2024-07-21 16:41:10,611 - WARNING - Not Found: /ws/video_chat/3/
2024-07-21 16:41:10,612 - WARNING - "GET /ws/video_chat/3/ HTTP/1.1" 404 2910
2024-07-21 17:03:28,807 - WARNING - Not Found: /favicon.ico
2024-07-21 17:03:42,769 - WARNING - Not Found: /favicon.ico
2024-07-21 17:09:10,986 - WARNING - Not Found: /favicon.ico
2024-07-21 17:09:58,126 - WARNING - Not Found: /favicon.ico
2024-07-21 17:10:03,186 - WARNING - Not Found: /favicon.ico
2024-07-21 17:10:06,591 - WARNING - Not Found: /favicon.ico
2024-07-21 17:15:52,407 - WARNING - Not Found: /favicon.ico
2024-07-21 17:16:45,154 - WARNING - Not Found: /favicon.ico
2024-07-21 17:16:46,868 - WARNING - Not Found: /favicon.ico
2024-07-21 17:16:48,778 - WARNING - Not Found: /favicon.ico
2024-07-21 17:17:03,320 - WARNING - Not Found: /favicon.ico
2024-07-21 17:18:02,538 - WARNING - Not Found: /favicon.ico
2024-07-21 17:18:11,697 - WARNING - Not Found: /favicon.ico
2024-07-21 17:19:15,145 - WARNING - Not Found: /favicon.ico
2024-07-21 17:28:36,066 - WARNING - Not Found: /favicon.ico
2024-07-21 17:28:50,998 - WARNING - Not Found: /favicon.ico
2024-07-21 17:30:19,537 - WARNING - Not Found: /favicon.ico
2024-07-21 17:30:20,425 - WARNING - Not Found: /favicon.ico
2024-07-21 17:34:56,261 - WARNING - Not Found: /favicon.ico
2024-07-21 17:36:25,302 - WARNING - Not Found: /favicon.ico
2024-07-21 17:39:08,670 - WARNING - Not Found: /favicon.ico
2024-07-21 17:45:16,359 - WARNING - Not Found: /favicon.ico
2024-07-21 17:46:17,411 - WARNING - Not Found: /favicon.ico
2024-07-21 17:46:56,555 - WARNING - Not Found: /favicon.ico
2024-07-21 17:47:19,830 - WARNING - Not Found: /favicon.ico
2024-07-21 17:47:38,925 - WARNING - Not Found: /favicon.ico
2024-07-21 17:47:57,437 - WARNING - Not Found: /favicon.ico
2024-07-21 17:48:49,987 - WARNING - Not Found: /favicon.ico
2024-07-21 17:48:56,994 - WARNING - Not Found: /favicon.ico
2024-07-21 17:50:51,137 - WARNING - Not Found: /favicon.ico
2024-07-21 17:51:00,446 - WARNING - Not Found: /favicon.ico
2024-07-21 17:51:06,831 - WARNING - Not Found: /favicon.ico
2024-07-21 17:51:24,730 - WARNING - Not Found: /favicon.ico
2024-07-21 17:51:31,094 - WARNING - Not Found: /favicon.ico
2024-07-21 17:51:53,160 - WARNING - Not Found: /favicon.ico
2024-07-21 17:51:57,729 - WARNING - Not Found: /favicon.ico
2024-07-21 17:56:31,314 - WARNING - Not Found: /favicon.ico
2024-07-21 17:56:44,714 - WARNING - Not Found: /favicon.ico
2024-07-21 23:16:35,181 - WARNING - Unauthorized: /api/v1/users/users/login/
2024-07-21 23:16:43,544 - WARNING - Unauthorized: /api/v1/users/users/login/
2024-07-24 18:51:01,912 - WARNING - Bad Request: /api/v1/activity/rooms/
